Microsoft Windows [版本 10.0.17134.590]
(c) 2018 Microsoft Corporation。保留所有权利。

C:\Users\凉夏\Desktop\babeltest>node -v
v10.15.2

C:\Users\凉夏\Desktop\babeltest>npm install --save-dev @babel/core @babel/cli @babel/preset-env
npm WARN rollback Rolling back readable-stream@2.3.6 failed (this is probably harmless): EPERM: operation not permitted, lstat 'C:\Users\凉夏\Desktop\babeltest\node_modules\fsevents\node_modules'
npm notice created a lockfile as package-lock.json. You should commit this file.
npm WARN myBableTest@1.2.0 No description
npm WARN myBableTest@1.2.0 No repository field.
npm WARN myBableTest@1.2.0 No license field.
npm WARN optional SKIPPING OPTIONAL DEPENDENCY: fsevents@1.2.7 (node_modules\fsevents):
npm WARN notsup SKIPPING OPTIONAL DEPENDENCY: Unsupported platform for fsevents@1.2.7: wanted {"os":"darwin","arch":"any"} (current: {"os":"win32","arch":"x64"})

+ @babel/core@7.3.4
+ @babel/preset-env@7.3.4
+ @babel/cli@7.2.3
added 261 packages from 130 contributors and audited 3493 packages in 325.104s
found 0 vulnerabilities


C:\Users\凉夏\Desktop\babeltest>npm install --save @babel/polyfill
npm WARN myBableTest@1.2.0 No description
npm WARN myBableTest@1.2.0 No repository field.
npm WARN myBableTest@1.2.0 No license field.
npm WARN optional SKIPPING OPTIONAL DEPENDENCY: fsevents@1.2.7 (node_modules\fsevents):
npm WARN notsup SKIPPING OPTIONAL DEPENDENCY: Unsupported platform for fsevents@1.2.7: wanted {"os":"darwin","arch":"any"} (current: {"os":"win32","arch":"x64"})

+ @babel/polyfill@7.2.5
added 3 packages from 2 contributors in 29.804s

C:\Users\凉夏\Desktop\babeltest>./node_modules/.bin/babel src --out-dir lib
'.' 不是内部或外部命令，也不是可运行的程序
或批处理文件。

C:\Users\凉夏\Desktop\babeltest>npx babel src --out-dir lib
Successfully compiled 1 file with Babel.

C:\Users\凉夏\Desktop\babeltest>npx babel src --out-dir src
Successfully compiled 1 file with Babel.

C:\Users\凉夏\Desktop\babeltest>npx babel src --out-dir dist
Successfully compiled 1 file with Babel.

C:\Users\凉夏\Desktop\babeltest>npx babel src --out-dir dist
Successfully compiled 1 file with Babel.

C:\Users\凉夏\Desktop\babeltest>npm install --save-dev webpack
npm WARN myBableTest@1.2.0 No description
npm WARN myBableTest@1.2.0 No repository field.
npm WARN myBableTest@1.2.0 No license field.
npm WARN optional SKIPPING OPTIONAL DEPENDENCY: fsevents@1.2.7 (node_modules\fsevents):
npm WARN notsup SKIPPING OPTIONAL DEPENDENCY: Unsupported platform for fsevents@1.2.7: wanted {"os":"darwin","arch":"any"} (current: {"os":"win32","arch":"x64"})

+ webpack@4.29.6
added 175 packages from 134 contributors and audited 7672 packages in 77.939s
found 0 vulnerabilities


C:\Users\凉夏\Desktop\babeltest>npm install --save-dev webpack-cli
npm WARN myBableTest@1.2.0 No description
npm WARN myBableTest@1.2.0 No repository field.
npm WARN myBableTest@1.2.0 No license field.
npm WARN optional SKIPPING OPTIONAL DEPENDENCY: fsevents@1.2.7 (node_modules\fsevents):
npm WARN notsup SKIPPING OPTIONAL DEPENDENCY: Unsupported platform for fsevents@1.2.7: wanted {"os":"darwin","arch":"any"} (current: {"os":"win32","arch":"x64"})

+ webpack-cli@3.2.3
added 59 packages from 26 contributors and audited 8725 packages in 44.811s
found 0 vulnerabilities


C:\Users\凉夏\Desktop\babeltest>npx webpack --config webpack.config.js
Hash: 7627d2eb6a466ab67edb
Version: webpack 4.29.6
Time: 147ms
Built at: 2019-03-14 22:58:19
    Asset      Size  Chunks             Chunk Names
bundle.js  4.07 KiB    main  [emitted]  main
Entrypoint main = bundle.js
[./src/index.js] 289 bytes {main} [built]

C:\Users\凉夏\Desktop\babeltest>npx webpack --config webpack.config.js
Hash: f8b751ac892c88bb9c49
Version: webpack 4.29.6
Time: 531ms
Built at: 2019-03-14 23:24:58
    Asset      Size  Chunks             Chunk Names
bundle.js  1.02 KiB       0  [emitted]  main
Entrypoint main = bundle.js
[0] ./src/index.js 289 bytes {0} [built]

C:\Users\凉夏\Desktop\babeltest>npx babel dist --out-dir lib
Successfully compiled 2 files with Babel.

C:\Users\凉夏\Desktop\babeltest>npx babel src --out-dir bable
Successfully compiled 1 file with Babel.

C:\Users\凉夏\Desktop\babeltest>npx webpack --config webpack.config.js
Hash: 3f4ccd89b2f0f00f5487
Version: webpack 4.29.6
Time: 1509ms
Built at: 2019-03-14 23:31:41
    Asset      Size  Chunks             Chunk Names
bundle.js  12.9 KiB       0  [emitted]  main
Entrypoint main = bundle.js
[22] ./bable/index.js 373 bytes {0} [built]
    + 46 hidden modules

C:\Users\凉夏\Desktop\babeltest>production